// Jest Snapshot v1, https://goo.gl/fbAQLP

exports[`<FavouriteList/> renders correctly 1`] = `ShallowWrapper {}`;
