// Jest Snapshot v1, https://goo.gl/fbAQLP

exports[`<FavouriteItem/> renders correctly 1`] = `ShallowWrapper {}`;
